### FIRE RESISTANCE:
ResistanceBase			CATEGORY:Special Ability												VISIBLE:NO	CATEGORY:Special Ability												SAB:Resistance to Acid %, Cold %, Electricity %, Fire %, Sonic %|AcidResistanceBonus|ColdResistanceBonus|ElectricityResistanceBonus|FireResistanceBonus|SonicResistanceBonus															DEFINE:AcidResistanceBonus,ColdResistanceBonus,ElectricityResistanceBonus,FireResistanceBonus,SonicResistanceBonus|0				STACK:NO
#
AcidResistanceBase		CATEGORY:Special Ability								TYPE:Resistance		VISIBLE:NO	CATEGORY:Special Ability												SAB:Acid Resistance %|AcidResistanceBonus|!PREFEAT:2,CHECKMULT,TYPE.Resistance																														DEFINE:AcidResistanceBonus|0																			STACK:NO						ABILITY:Special Ability|VIRTUAL|ResistanceBase|PREFEAT:2,CHECKMULT,TYPE.Resistance
AcidResistanceBonus5		CATEGORY:Special Ability								TYPE:ResistanceBonus	VISIBLE:NO	CATEGORY:Special Ability																																																																														STACK:NO																																																																											BONUS:VAR|AcidResistanceBonus|5|TYPE=Resistance
AcidResistanceBonus10		CATEGORY:Special Ability								TYPE:ResistanceBonus	VISIBLE:NO	CATEGORY:Special Ability																																																																														STACK:NO																																																																											BONUS:VAR|AcidResistanceBonus|10|TYPE=Resistance
AcidResistanceBonus20		CATEGORY:Special Ability								TYPE:ResistanceBonus	VISIBLE:NO	CATEGORY:Special Ability																																																																														STACK:NO																																																																											BONUS:VAR|AcidResistanceBonus|20|TYPE=Resistance
AcidResistanceBonus30		CATEGORY:Special Ability								TYPE:ResistanceBonus	VISIBLE:NO	CATEGORY:Special Ability																																																																														STACK:NO																																																																											BONUS:VAR|AcidResistanceBonus|30|TYPE=Resistance
#
ColdResistanceBase		CATEGORY:Special Ability								TYPE:Resistance		VISIBLE:NO	CATEGORY:Special Ability												SAB:Cold Resistance %|ColdResistanceBonus|!PREFEAT:2,CHECKMULT,TYPE.Resistance																														DEFINE:ColdResistanceBonus|0																			STACK:NO						ABILITY:Special Ability|VIRTUAL|ResistanceBase|PREFEAT:2,CHECKMULT,TYPE.Resistance
ColdResistanceBonus5		CATEGORY:Special Ability								TYPE:ResistanceBonus	VISIBLE:NO	CATEGORY:Special Ability																																																																														STACK:NO																																																																											BONUS:VAR|ColdResistanceBonus|5|TYPE=Resistance
ColdResistanceBonus10		CATEGORY:Special Ability								TYPE:ResistanceBonus	VISIBLE:NO	CATEGORY:Special Ability																																																																														STACK:NO																																																																											BONUS:VAR|ColdResistanceBonus|10|TYPE=Resistance
ColdResistanceBonus20		CATEGORY:Special Ability								TYPE:ResistanceBonus	VISIBLE:NO	CATEGORY:Special Ability																																																																														STACK:NO																																																																											BONUS:VAR|ColdResistanceBonus|20|TYPE=Resistance
ColdResistanceBonus30		CATEGORY:Special Ability								TYPE:ResistanceBonus	VISIBLE:NO	CATEGORY:Special Ability																																																																														STACK:NO																																																																											BONUS:VAR|ColdResistanceBonus|30|TYPE=Resistance
#
ElectricityResistanceBase	CATEGORY:Special Ability								TYPE:Resistance		VISIBLE:NO	CATEGORY:Special Ability												SAB:Electricity Resistance %|ElectricityResistanceBonus																																		DEFINE:ElectricityResistanceBonus|0																		STACK:NO						ABILITY:Special Ability|VIRTUAL|ResistanceBase|PREFEAT:2,CHECKMULT,TYPE.Resistance
ElectricityResistanceBonus5	CATEGORY:Special Ability								TYPE:ResistanceBonus	VISIBLE:NO	CATEGORY:Special Ability																																																																														STACK:NO																																																																											BONUS:VAR|ElectricityResistanceBonus|5|TYPE=Resistance
ElectricityResistanceBonus10	CATEGORY:Special Ability								TYPE:ResistanceBonus	VISIBLE:NO	CATEGORY:Special Ability																																																																														STACK:NO																																																																											BONUS:VAR|ElectricityResistanceBonus|10|TYPE=Resistance
ElectricityResistanceBonus20	CATEGORY:Special Ability								TYPE:ResistanceBonus	VISIBLE:NO	CATEGORY:Special Ability																																																																														STACK:NO																																																																											BONUS:VAR|ElectricityResistanceBonus|20|TYPE=Resistance
ElectricityResistanceBonus30	CATEGORY:Special Ability								TYPE:ResistanceBonus	VISIBLE:NO	CATEGORY:Special Ability																																																																														STACK:NO																																																																											BONUS:VAR|ElectricityResistanceBonus|30|TYPE=Resistance
#
FireResistanceBase		CATEGORY:Special Ability								TYPE:Resistance		VISIBLE:NO	CATEGORY:Special Ability												SAB:Fire Resistance %|FireResistanceBonus																																					DEFINE:FireResistanceBonus|0																			STACK:NO						ABILITY:Special Ability|VIRTUAL|ResistanceBase|PREFEAT:2,TYPE.Resistance
FireResistanceBonus5		CATEGORY:Special Ability								TYPE:ResistanceBonus	VISIBLE:NO	CATEGORY:Special Ability																																																																														STACK:NO																																																																											BONUS:VAR|FireResistanceBonus|5|TYPE=Resistance
FireResistanceBonus10		CATEGORY:Special Ability								TYPE:ResistanceBonus	VISIBLE:NO	CATEGORY:Special Ability																																																																														STACK:NO																																																																											BONUS:VAR|FireResistanceBonus|10|TYPE=Resistance
FireResistanceBonus15		CATEGORY:Special Ability								TYPE:ResistanceBonus	VISIBLE:NO	CATEGORY:Special Ability																																																																														STACK:NO																																																																											BONUS:VAR|FireResistanceBonus|15|TYPE=Resistance
FireResistanceBonus20		CATEGORY:Special Ability								TYPE:ResistanceBonus	VISIBLE:NO	CATEGORY:Special Ability																																																																														STACK:NO																																																																											BONUS:VAR|FireResistanceBonus|20|TYPE=Resistance
FireResistanceBonus30		CATEGORY:Special Ability								TYPE:ResistanceBonus	VISIBLE:NO	CATEGORY:Special Ability																																																																														STACK:NO																																																																											BONUS:VAR|FireResistanceBonus|30|TYPE=Resistance
#
SonicResistanceBase		CATEGORY:Special Ability								TYPE:Resistance		VISIBLE:NO	CATEGORY:Special Ability												SAB:Sonic Resistance %|SonicResistanceBonus																																				DEFINE:SonicResistanceBonus|0																			STACK:NO						ABILITY:Special Ability|VIRTUAL|ResistanceBase|PREFEAT:2,CHECKMULT,TYPE.Resistance
SonicResistanceBonus5		CATEGORY:Special Ability								TYPE:ResistanceBonus	VISIBLE:NO	CATEGORY:Special Ability																																																																														STACK:NO																																																																											BONUS:VAR|SonicResistanceBonus|5|TYPE=Resistance
SonicResistanceBonus10		CATEGORY:Special Ability								TYPE:ResistanceBonus	VISIBLE:NO	CATEGORY:Special Ability																																																																														STACK:NO																																																																											BONUS:VAR|SonicResistanceBonus|10|TYPE=Resistance
SonicResistanceBonus20		CATEGORY:Special Ability								TYPE:ResistanceBonus	VISIBLE:NO	CATEGORY:Special Ability																																																																														STACK:NO																																																																											BONUS:VAR|SonicResistanceBonus|20|TYPE=Resistance
SonicResistanceBonus30		CATEGORY:Special Ability								TYPE:ResistanceBonus	VISIBLE:NO	CATEGORY:Special Ability																																																																														STACK:NO																																																																											BONUS:VAR|SonicResistanceBonus|30|TYPE=Resistance


DivinitySet				CATEGORY:Special Ability												VISIBLE:NO	CATEGORY:Special Ability												SAB:+1 on saves against evil creatures|PREEQUIP:2,TYPE=SetVestmentsOfDivinity	SAB:+1d6 melee damage to evil creatures|PREEQUIP:5,TYPE=SetVestmentsOfDivinity

Dire Tiger Improved Grab	CATEGORY:Special Ability												VISIBLE:NO	CATEGORY:Special Ability												SAB:Improved Grab (Ex) To use this ability, the dire tiger must hit with its bite attack. It can than attempt to start a grapple as a free action without provoking an attack of opportunity. If it wins the grapple check, it establishes a hold and can rake.
Dire Tiger Rake			CATEGORY:Special Ability												VISIBLE:NO	CATEGORY:Special Ability												SAB:Rake (Ex) Attack bonus +% melee, damage %d%+%|DireTigerRakeAttack|DireTigerDie|DireTigerDamage|DireTigerStr																									DEFINE:DireTigerRakeAttack|0	DEFINE:DireTigerDie|0	DEFINE:DireTigerDamage|0	DEFINE:DireTigerStr|0	DEFINE:TigerSize|0																																																																														BONUS:VAR|DireTigerRakeAttack|BAB+STR-2	BONUS:VAR|DireTigerRakeAttack|TigerSize	BONUS:VAR|TigerSize|-1	BONUS:VAR|DireTigerRakeAttack|1|PREFEAT:1,Weapon Focus(Claw)	BONUS:VAR|DireTigerDie|2	BONUS:VAR|DireTigerDamage|2|PREFEAT:1,Improved Natural Attack(Claw)	BONUS:VAR|DireTigerDamage|4	BONUS:VAR|DireTigerStr|STR/2
Dire Tiger Pounce			CATEGORY:Special Ability												VISIBLE:NO	CATEGORY:Special Ability												SAB:Pounce (Ex) If the dire tiger charges a foe, it can make a full attack, including two rake attacks.


Pounce				CATEGORY:Special Ability												VISIBLE:NO	CATEGORY:Special Ability												SAB:Pounce (Ex): When a creature with this special attack makes a charge, it can follow with a full attack - including rake attacks if the creature has the rake ability.
Rake					CATEGORY:Special Ability												VISIBLE:NO	CATEGORY:Special Ability												SAB:Rake (Ex): A creature with this special attack gains extra natural attacks when it grapples its foe. A creature normally gains two extra rake attacks when grappling without the -4 penalty normally associated.
Animal Scent			CATEGORY:Special Ability												VISIBLE:NO	CATEGORY:Special Ability												SAB:Scent (Ex): Detect opponents within 30 ft. +2 to Survival (Find or follow tracks) checks

Dire Lion Improved Grab		CATEGORY:Special Ability												VISIBLE:NO	CATEGORY:Special Ability												SAB:Improved Grab (Ex) To use this ability, the dire lion must hit with its bite attack. It can than attempt to start a grapple as a free action without provoking an attack of opportunity. If it wins the grapple check, it establishes a hold and can rake.
Dire Lion Rake			CATEGORY:Special Ability												VISIBLE:NO	CATEGORY:Special Ability												SAB:Rake (Ex) Attack bonus +% melee, damage %d%+%|DireLionRakeAttack|DireLionDie|DireLionDamage|DireLionStr																										DEFINE:DireLionRakeAttack|0	DEFINE:DireLionDie|0	DEFINE:DireLionDamage|0	DEFINE:DireLionStr|0	DEFINE:LionSize|0																																																																																BONUS:VAR|DireLionRakeAttack|BAB+STR-2	BONUS:VAR|DireLionRakeAttack|LionSize	BONUS:VAR|LionSize|-1	BONUS:VAR|DireLionRakeAttack|1|PREFEAT:1,Weapon Focus(Claw)	BONUS:VAR|DireLionDie|1	BONUS:VAR|DireLionDamage|2|PREFEAT:1,Improved Natural Attack(Claw)	BONUS:VAR|DireLionDamage|6	BONUS:VAR|DireLionStr|STR/2
Dire Lion Pounce			CATEGORY:Special Ability												VISIBLE:NO	CATEGORY:Special Ability												SAB:Pounce (Ex) If the dire lion charges a foe, it can make a full attack, including two rake attacks.

Dire Panther Rake			CATEGORY:Special Ability												VISIBLE:NO	CATEGORY:Special Ability												SAB:Rake (Ex) Attack bonus +% melee, damage %d%+%|DirePantherRakeAttack|DirePantherDie|DirePantherDamage|DirePantherStr																								DEFINE:DirePantherRakeAttack|0	DEFINE:DirePantherDie|0	DEFINE:DirePantherDamage|0	DEFINE:DirePantherStr|0	DEFINE:DPantherSize|0																																																																													BONUS:VAR|DirePantherRakeAttack|BAB+STR-2	BONUS:VAR|DirePantherRakeAttack|DPantherSize	BONUS:VAR|DPantherSize|-1	BONUS:VAR|DirePantherRakeAttack|1|PREFEAT:1,Weapon Focus(Claw)	BONUS:VAR|DirePantherDie|1	BONUS:VAR|DirePantherDamage|2|PREFEAT:1,Improved Natural Attack(Claw)	BONUS:VAR|DirePantherDamage|6	BONUS:VAR|DirePantherStr|STR/2
Dire Panther Improved Grab	CATEGORY:Special Ability												VISIBLE:NO	CATEGORY:Special Ability												SAB:Improved Grab (Ex) To use this ability, the dire panther must hit with its bite attack. It can than attempt to start a grapple as a free action without provoking an attack of opportunity. If it wins the grapple check, it establishes a hold and can rake.
Dire Panther Pounce		CATEGORY:Special Ability												VISIBLE:NO	CATEGORY:Special Ability												SAB:Pounce (Ex) If the dire panther charges a foe, it can make a full attack, including two rake attacks.
