# CVS $Revision: $ $Author: $ -- Fri Oct 19 20:16:09 2012 -- reformated by prettylst.pl v1.39 (build 15052)
SOURCELONG:Kingdom Hearts	SOURCESHORT:KH
###Block: Monster Classes -----------------------------------------------------------------------------

# Class Name	Hit Dice	Type			Save checks bonus												Combat bonus
CLASS:Heartless	HD:8		TYPE:Base.Monster	BONUS:CHECKS|BASE.Fortitude,BASE.Reflex|(CL/2)+2	BONUS:CHECKS|BASE.Will|CL/3	BONUS:COMBAT|BAB|CL
# Class Name	Skill Pts/Lvl
CLASS:Heartless	STARTSKILLPTS:2
1	ABILITY:Special Ability|AUTOMATIC|All Automatic Proficiencies

# Class Name	Hit Dice	Type			Save checks bonus											Combat bonus
CLASS:NoBody	HD:8		TYPE:Base.Monster	BONUS:CHECKS|BASE.Will,BASE.Reflex|(CL/2)+2	BONUS:CHECKS|BASE.Reflex|CL/3	BONUS:COMBAT|BAB|CL*3/4
# Class Name	Skill Pts/Lvl
CLASS:NoBody	STARTSKILLPTS:4
1	ABILITY:Special Ability|AUTOMATIC|All Automatic Proficiencies


# Class Name	Hit Dice	Type			Save checks bonus		Combat bonus
CLASS:Monster	HD:8		TYPE:Base.Monster	BONUS:CHECKS|ALL|CL/3	BONUS:COMBAT|BAB|CL*3/4
